To set up build error, like rake db:migrate
add these entry to ~/.profile, then source ~/.profile

export zoho_key='43a02c5e40acfc842e2e8ed75424ecdf'

=======================================================================================

Create RVM Gemset

note: this will create a local .ruby-version and .ruby-gemset file
ylee@ylee-home-ubuntu:/media/sf_pj-3/md/myd$ rvm --ruby-version --create 2.3.0@domino-web

or

note: this will not create a local .ruby-version and .ruby-gemset file
ylee@ylee-home-ubuntu:/media/sf_pj-3/self/minitest-with-shoulda$ rvm use 2.3.1@minit-cal --create
=======================================================================================


Initialize RVm in your environment after install
When encounter this erro rmesage Warning! PATH is not properly set up, '/home/ylee/.rvm/gems/ruby-2.3.0/bin' is not at first place,
from RVM, do this

note: THis will add the line [[ -s "$HOME/.rvm/scripts/rvm" ]] && source "$HOME/.rvm/scripts/rvm" # Load RVM into a shell session *as a function* to your ~/.bash_profile
ylee@ylee-home-ubuntu:/media/sf_pj-3/self/minitest-with-shoulda$ rvm reset
ylee@ylee-home-ubuntu:/media/sf_pj-3/self/minitest-with-shoulda$ source ~/.bash_profile
then source ~/.bash_profile
ylee@ylee-home-ubuntu:/media/sf_pj-3/self/minitest-with-shoulda$ source ~/.bash_profile

===================================================================

cheat sheets.
$ command line ruby cheat sheets

RVM home page: https://rvm.io

Install RVM
------------

See https://rvm.io/rvm/install/

    curl -L get.rvm.io | bash -s stable

On OS X you can use RailsInstaller which will bring all dependencies for you:
installer: https://github.com/railsinstaller/railsinstaller-nix/downloads
background: http://www.engineyard.com/blog/2012/railsinstaller-for-os-x/

Update RVM
----------

    rvm get stable

In case of problems try first with development version
(maybe it's already fixed):

    rvm get head

Very old installations might not support those update methods, just run the installer and reopen your terminal.

Install Ruby dependencies
-------------------------

Follow instructions from:

    rvm requirements

List known rubies
-----------------

    rvm list known

Install Ruby
------------

    rvm install 1.9.3                # Latest known patch level
    rvm install 1.9.3 -j 3           # Parallel compile, set to # of CPU cores
    rvm install 1.9.3 --patch falcon # Use a patch (falcon for performance)
    rvm install 1.9.2-p318           # Patchlevel 318
    rvm install rbx --1.9            # Rubinius with 1.9 mode set as default

List all rubies and gemsets
---------------------------

    rvm list         # List rubies only
    rvm list gemsets # List rubies and gemsets
    rvm gemset list  # List gemsets for current ruby

Selecting Ruby for work
-----------------------

    rvm system                 # For system ruby, with fallback to default 
    rvm use jruby              # For current session only
    rvm use --default 1.9.3    # For current and new sessions
    rvm use --ruby-version rbx # For current session and this project

RVM will automatically use a ruby and gemset when you `cd` to a project directory.

Read more on project files:

- https://rvm.io/workflow/projects/#ruby-versions

Using ruby and gems
-------------------

After selecting Ruby work as usual:

    ruby -v
    gem install haml
    haml

Temporarily selecting another Ruby or gemset
--------------------------------------------

    rvm 1.8.7 do gem install rspec      # in the given ruby
    rvm 1.8.7,1.9.2 do gem install haml # in this two rubies
    rvm @global do gem install gist     # in @global gemset of current ruby

Gemsets
-------

RVM by default allows creating multiple environments for one ruby - called *gemsets*.

Gemsets can be specified together with ruby name using gemsets separator(@):

- ruby-1.9.3-p125@my-project

During installation of Ruby, RVM creates two gemsets:

- default - automatically selected when no @gemset specified: rvm use 1.9.3
- global  - super gemset, inherited by all other gemsets for the given ruby

Working with gemsets:

    rvm use 1.8.7                          # use the ruby to manage gemsets for
    rvm gemset create project_name         # create a gemset
    rvm gemset use project_name            # use a gemset in this ruby
    rvm gemset list                        # list gemsets in this ruby
    rvm gemset delete project_name         # delete a gemset
    rvm 1.9.1@other_project_name           # use another ruby and gemset
    rvm 1.9.3@_project --create --rvmrc    # use and create gemset & .rvmrc

Install RVM for all users
--------------------------

Discouraged; make sure to read http://rvm.io/rvm/installation/

More help ?
-----------

A lot of resources is available:

- in your terminal: `rvm help`
- https://rvm.io/
- IRC #rvm @ freenode - http://webchat.freenode.net/?channels=#rvm

Powered by Sinatra, Puma and, to a lesser extent, Err the Blog.

=====================================================================================

To create the Heroku Postgresql production database for backup/export
ylee@ylee-home-ubuntu:~/hero-postgresql$ heroku pg:backups capture --app domino-production

To export Heroku Postgresql production database
ylee@ylee-home-ubuntu:~/hero-postgresql$ curl -o domino-production-09-15.sql `heroku pg:backups public-url --app domino-production`

See for details: https://devcenter.heroku.com/articles/heroku-postgres-backups



ylee@ylee-home-ubuntu:/media/sf_pj-3/md/myd/db/data_dump$ heroku config:get DATABASE_URL --app domino-production

http://stackoverflow.com/questions/22887524/how-can-i-get-a-plain-text-postgres-database-dump-on-heroku

Look for the Heroku Postgres url (example: HEROKU_POSTGRESQL_RED_URL: postgres://user3123:passkja83kd8@ec2-117-21-174-214.compute-1.amazonaws.com:6212/db982398), which format is postgres://<username>:<password>@<host_name>:<port>/<dbname>.

Next, run this on your command line:

pg_dump --host=<host_name> --port=<port> --username=<username> --password --dbname=<dbname> 



Then locally do:
$ pg_restore --verbose --clean --no-acl --no-owner -h localhost -U myuser -d mydb latest.dump
=======================================================================================

heroku pkbackup dump text format

https://gist.github.com/kagemusha/1569836

Get the Heroku db as detailed here:
http://devcenter.heroku.com/articles/pgbackups#exporting_via_a_backup

1. heroku pgbackups:capture
2. heroku pgbackups:url <backup_num>  #=>backup_url
   -  get backup_num with cmd "heroku pgbackups"
3. curl -o latest.dump <backup_url>

Then locally do:
$ pg_restore --verbose --clean --no-acl --no-owner -h localhost -U myuser -d mydb latest.dump



(your database must exist before can do this)

pg_restore --verbose --clean --no-acl --no-owner -h localhost -U myuser -d mydb latest.dump
=======================================================================================

To dump the fixture data from your database

bundle exec rake db:fixtures:dump

=======================================================================================

Set Rails_ENV in ~/.profile

export RAILS_ENV='production'
env | grep RAILS
=======================================================================================

Steps to setup automated test process for test database 

ylee@ylee-home-ubuntu:/media/sf_pj-3/md/myd$ bundle exec rake util:reset_all_user_password

ylee@ylee-home-ubuntu:/media/sf_pj-3/md/myd$ bundle exec rake db:fixtures:dump

ylee@ylee-home-ubuntu:/media/sf_pj-3/md/myd$ bundle exec rake db:fixtures:load RAILS_ENV=test

We can now use the fixture data to load the test database for our test environment with this command:
bundle exec rake db:fixtures:load RAILS_ENV=test

Once you load the data, you can start up Rails with Rails s -e test, and log in with the user_email/password.
The password for all users is Mydom!no1234. 

=======================================================================================
To use a custom timeout for Rack-timeout, create an initializer file:

# config/initializers/rack_timeout.rb
Rack::Timeout.service_timeout = 5  # seconds
=======================================================================================
Referential Foreign key in models

https://robots.thoughtbot.com/referential-integrity-with-foreign-keys

class User < ActiveRecord::Base
  has_many :posts
  validates :name, presence: true
end

class Post < ActiveRecord::Base
  belongs_to :user
  validates :user, presence: true
end

=======================================================================================
minitest with shoulda matcher tutorial

https://www.sitepoint.com/minitest-shoulda/
https://mattbrictson.com/strict-validations-minitest-and-shoulda
http://gorubyrails.com/blog/Model-tests-with-shoulda-matchers/
http://gorubyrails.com/blog/Model-tests-with-shoulda-matchers/


Minitest Spec
http://stackoverflow.com/questions/35516913/how-to-use-shoulda-matchers-with-minitest-specs-style-in-rails

https://github.com/thoughtbot/shoulda-matchers


Controller
https://gist.github.com/jwo/7323240

=======================================================================================


Run a test file

ylee@ylee-home-ubuntu:/media/sf_pj-3/md/myd$ rake test test/models/dashboard_test.rb

=======================================================================================
http://stackoverflow.com/questions/2671454/heroku-how-to-see-all-the-logs
https://devcenter.heroku.com/articles/log-drains#syslog-drains

How can you check Heroku Error Logs?

Simply use heroku logs to display the last 100 lines of your logs.

Or to tail the logs in real-time: heroku logs -t

Heroku only saves the last 1500 lines of logs, which you can access using heroku logs -n 1500. 
If you want more logging, check out Heroku add-ons like Logentries or Papertrail.

Or
heroku logs -t --app <app_name> > any_file_name
Or

heroku logs -n 1500

or, to tail the logs live

heroku logs -t 

If you need more than a few thousand lines you can Use heroku's Syslog Drains

Alternatively (old method):

$ heroku run rails c
File.open('log/production.log', 'r').each_line { |line| puts line }

=======================================================================================
Running Tests

Ref: http://ruten.ca/2013/01/15/run-a-single-rails-or-ruby-test-from-the-command-line/


To run all tests (models/controllers/integrations etc...)
ylee@ylee-home-ubuntu:/media/sf_pj/md/domino$ rake test

To run models' tests
ylee@ylee-home-ubuntu:/media/sf_pj/md/domino$ rake test:models

To run controllers' tests
ylee@ylee-home-ubuntu:/media/sf_pj/md/domino$ rake test:controllers

To run test for a specific file
ylee@ylee-home-ubuntu:/media/sf_pj/md/domino$ rake test TEST=test/models/profile_test.rb

To run a specific test case/method inside a specific file -- add the test method name with -n with ruby 
ylee@ylee-home-ubuntu:/media/sf_pj-3/md/myd$ ruby -Ilib:test test/controllers/profiles_controller_test.rb -n test_should_create_completed_profile


=======================================================================================
Generating models test file
ylee@ylee-home-ubuntu:/media/sf_pj/md/domino$ rails g minitest:model Dashboard -s 

Generating controller test file
ylee@ylee-home-ubuntu:/media/sf_pj/md/domino$ rails g minitest:controller Recommendations  -s 
ylee@ylee-home-ubuntu:/media/sf_pj/md/domino$ rails g minitest:controller Registrations  -s 

If you already have a controller and just want to generate the test scaffold code for 
each of the seven default actions, you can use the following command:
Generating test scaffold code for existing controller
ylee@ylee-home-ubuntu:/media/sf_pj-3/md/myd$ rails generate test_unit:scaffold dashboard


=======================================================================================
Column/Vertical selection with Keyboard in SublimeText 3
http://stackoverflow.com/questions/25085479/column-vertical-selection-with-keyboard-in-sublimetext-3

=======================================================================================

ruby communicate with JSON via api
https://www.twilio.com/blog/2015/10/4-ways-to-parse-a-json-api-with-ruby.html

=======================================================================================
rest-client ruby example
https://www.google.com/search?client=safari&rls=en&q=rest-client+ruby+example&ie=UTF-8&oe=UTF-8




=======================================================================================
minitest build testing interface to outside service

https://www.google.com/search?client=safari&rls=en&q=minitest+build+testing+interface+to+outside+service&ie=UTF-8&oe=UTF-8

https://semaphoreci.com/community/tutorials/stubbing-external-services-in-rails

=======================================================================================

Heroku

To reach Rails console

heroku run rails console -a domino-production
=======================================================================================
how to review pull request on github


=======================================================================================
rest-client gem tutorial

https://github.com/rest-client/rest-client
http://www.rubydoc.info/gems/rest-client/1.6.7/frames
http://wiki.servicenow.com/index.php?title=Table_API_Ruby_Examples#gsc.tab=0
https://www.krautcomputing.com/blog/2015/06/21/how-to-use-basic-authentication-with-the-ruby-rest-client-gem/

=======================================================================================
Queuing in Ruby with Redis and Resque

https://devcenter.heroku.com/articles/queuing-ruby-resque
=======================================================================================
SMTP Relay send mail config
http://www.bonusbits.com/wiki/HowTo:Configure_SendMail_to_Use_SMTP_Relay


=======================================================================================

Sublime Text

SublimeText 3: Where are the packages
Try going to "Preferences -> Browse Packages". 


How to set highlighting of do-end blocks in Sublime Text 3 for ruby?

Recommended packages:

* BracketHighlighter
https://github.com/facelessuser/BracketHighlighter
http://facelessuser.github.io/BracketHighlighter/

* SideBarEnhancements
https://github.com/titoBouzout/SideBarEnhancements

* SublimeLinter 
http://sublimelinter.readthedocs.io/en/latest/installation.html

* SublimeLinter-ruby
https://github.com/SublimeLinter/SublimeLinter-ruby
http://sublimelinter.readthedocs.io/en/latest/troubleshooting.html#shell-startup-files


=======================================================================================

minitest undefined method `authenticate!' for nil:NilClass

http://mascote.me/blog/2014/12/26/solving-undefined-method-authenticate-when-using-minitest-and-devise-in-rails-4-dot-2/


=======================================================================================

Use Pry to debug
http://pryrepl.org/
http://wlowry88.github.io/blog/2014/07/13/giving-pry-a-try/

=======================================================================================
Params

Given an URL: http://www.example.com/?vote[item_id]=1&vote[user_id]=2

then params[:vote] would be a hash, params[:vote][:item_id] would be "1" and params[:vote][:user_id] would be "2".
=======================================================================================



Heroku Usage

loggin to heroku from Toolbelt/command line
ylee@ylee-home-ubuntu:/media/sf_pj/md/heroku-1$ heroku login

Add a SSH key
ylee@ylee-home-ubuntu:/media/sf_pj/md/heroku-1$ heroku keys:add

Create a heroku app
ylee@ylee-home-ubuntu:/media/sf_pj/md/ruby-postgresql-heroku-1$ heroku create
Creating app... done, ⬢ floating-everglades-64896
https://floating-everglades-64896.herokuapp.com/ | https://git.heroku.com/floating-everglades-64896.git

To deploy to Heroku
ylee@ylee-home-ubuntu:/media/sf_pj/md/ruby-postgresql-heroku-1$ git push heroku master
https://floating-everglades-64896.herokuapp.com/ deployed to Heroku


=======================================================================================
Sending form Data via HTTP

https://developer.mozilla.org/en-US/docs/Web/Guide/HTML/Forms/Sending_and_retrieving_form_data
=======================================================================================
Start delay jobs worker
rake jobs:work

ylee@ylee-home-ubuntu:/media/sf_pj/md/domino/lib/misc/import_leads$ rake -T jobs


ylee@ylee-home-ubuntu:/media/sf_pj/md/domino/lib/misc/import_leads$ rails runner /media/sf_pj/md/domino/lib/misc/import_leads/import_leads.rb aa

=======================================================================================

New leads CSV import process

1. Export Postgresql database
curl -o domino-production-09-15.sql `heroku pg:backups public-url --app domino-production`

2. Import Postgresl database to my local postgresql database
2a. sudo su - postgres
2b. Grant the dump file full permission to postgres user
  sudo chmod 777 /var/lib/postgresql//pond.dmp
2c. Import
   psql database_name < database_dump.sql

   ie. psql dev_db2 ./pond.dmp


3. Or do the above two steps using Heroku. This will pull the database and create a local 
database

postgres@ylee-home-ubuntu:/media/sf_pj/md/domino/db/database_dump$ heroku pg:pull DATABASE domino-dev2  --app domino-production

4. Run the cmmand:
heroku run rails runner 'lib/misc/import_leads/import_leads.rb Bakersfield_ZohoImport_10242016.csv' -a domino-production | tee a.log

heroku run rails runner 'lib/misc/import_leads/import_leads.rb Bakersfield_ZohoImport_10242016-tmp.csv' -a domino-production | tee a.log

heroku run rails runner 'lib/misc/import_leads/import_leads.rb' -a domino-production | tee a.log

=======================================================================================

how to deploy rails app to Heroku production 
http://docs.railsbridge.org/intro-to-rails/deploying_to_heroku

0. Commit any pending changes to git

1. Push changes to Heroku
git push heroku master

2. Run database migrations on Heroku
heroku run rake db:migrate



=======================================================================================
Git add remote repository
https://git-scm.com/book/en/v2/Git-Basics-Working-with-Remotes

$ git remote
origin
$ git remote add pb https://github.com/paulboone/ticgit
$ git remote -v
origin  https://github.com/schacon/ticgit (fetch)
origin  https://github.com/schacon/ticgit (push)
pb  https://github.com/paulboone/ticgit (fetch)
pb  https://github.com/paulboone/ticgit (push)


$ git fetch pb


# inspecting a remote
git remote show origin

=======================================================================================
GS: what is oauth

https://en.wikipedia.org/wiki/OAuth

GS: how does oauth work with facebook


========================================================================================

wordpress_external_authentication


========================================================================================
GS: wordpress external authentication REST API
https://make.wordpress.org/core/2016/05/16/rest-api-authentication-broker/


==============================================
Bring/access WP content via REST API
https://github.com/dphiffer/wp-json-api



========================================================================================

GS: How to transfer wordpress to rails
https://www.igvita.com/2007/07/04/integrating-wordpress-and-rails/



========================================================================================

GS:Wordpress inside a Ruby on Rails app
https://medium.com/@parterburn/wordpress-inside-a-ruby-on-rails-app-c324fbf39ad8?swoff=true#.weqande2t



========================================================================================
GS:Build a Custom API to Connect WordPress With Ruby on Rails

https://code.tutsplus.com/tutorials/build-a-custom-api-to-connect-wordpress-with-ruby-on-rails--cms-21189



========================================================================================


GS:how to provide a rails authentication API
https://thesocietea.org/2015/04/building-a-json-api-with-rails-part-3-authentication-strategies/
Token Based Authentication in Rails - Code School Blog


========================================================================================

GS:rails generate api key
https://mikecoutermarsh.com/rails-grape-api-key-authentication/

https://blog.joshsoftware.com/2014/05/08/implementing-rails-apis-like-a-professional/


========================================================================================
GS:rails http token authentication
http://tutorials.pluralsight.com/ruby-ruby-on-rails/token-based-authentication-with-ruby-on-rails-5-api

https://www.sitepoint.com/introduction-to-using-jwt-in-rails/


========================================================================================
GS:Passing Arguments to a Rails Rake Task
http://cobwwweb.com/4-ways-to-pass-arguments-to-a-rake-task

http://davidlesches.com/blog/passing-arguments-to-a-rails-rake-task




========================================================================================

https://developer.github.com/guides/basics-of-authentication/



========================================================================================
GS: will my connection be persistent after redirect from one server to another external server
https://serversforhackers.com/so-you-got-yourself-a-loadbalancer



========================================================================================
AWS SDK for Ruby
https://github.com/aws
https://github.com/aws/aws-sdk-ruby



========================================================================================

Wicked Wizard
http://schneems.com/post/18437886598/wizard-ify-your-rails-controllers-with-wicked/



========================================================================================

=======================================================================================

Backup Heroku Postgres databse

https://devcenter.heroku.com/articles/heroku-postgres-backups
=======================================================================================

wordpress external authentication REST API
WP REST API: Introducing the Authentication Broker

https://www.sitepoint.com/wp-api-and-oauth-using-wordpress-without-wordpress/

https://www.sitepoint.com/wordpress-json-rest-api/

https://github.com/dphiffer/wp-json-api


===================================
WP REST API tutorial  -- Yong reading !!
https://code.tutsplus.com/tutorials/introducing-the-wp-rest-api--cms-24533

GS: why use wp rest api (WP)
http://v2.wp-api.org
https://wordpress.org/plugins/json-rest-api/
https://www.sitepoint.com/wp-api/

https://tutsplus.com/authors/bilal-shahid


==============================================================================


How to transfer wordpress to rails
https://www.igvita.com/2007/07/04/integrating-wordpress-and-rails/



==============================================================================

Wordpress inside a Ruby on Rails app
https://medium.com/@parterburn/wordpress-inside-a-ruby-on-rails-app-c324fbf39ad8?swoff=true#.weqande2t



==============================================================================
Build a Custom API to Connect WordPress With Ruby on Rails

https://code.tutsplus.com/tutorials/build-a-custom-api-to-connect-wordpress-with-ruby-on-rails--cms-21189




==============================================================================

how to provide a rails authentication API
https://thesocietea.org/2015/04/building-a-json-api-with-rails-part-3-authentication-strategies/
Token Based Authentication in Rails - Code School Blog



==============================================================================
rails generate api key
https://mikecoutermarsh.com/rails-grape-api-key-authentication/

https://blog.joshsoftware.com/2014/05/08/implementing-rails-apis-like-a-professional/


==============================================================================
rails http token authentication
http://tutorials.pluralsight.com/ruby-ruby-on-rails/token-based-authentication-with-ruby-on-rails-5-api

https://www.sitepoint.com/introduction-to-using-jwt-in-rails/
===============================================================================
Passing Arguments to a Rails Rake Task
http://cobwwweb.com/4-ways-to-pass-arguments-to-a-rake-task

http://davidlesches.com/blog/passing-arguments-to-a-rails-rake-task




https://developer.github.com/guides/basics-of-authentication/


WordPress External DB authentication
https://wordpress.org/plugins/external-db-auth-reloaded/


=======================================================================================
GS: rails octopress integration
http://www.nickhammond.com/setting-octopress-jekyll-blog-rails-application/

http://stackoverflow.com/questions/17465429/combine-octopress-and-a-rails-4-0-application

Using Jekyll and Rails
http://www.homemarks.com/blog/2014-04-19-jekyll-style-blogging-on-rails

=======================================================================================
octopress vs jekyll
https://jason.pureconcepts.net/2015/02/migrating-from-octopress-to-jekyll/

=======================================================================================
rails jekyll blog

https://exceptiontrap.com/blog/4-create-a-simple-jekyll-like-blog-in-your-rails-4-app
https://www.sitepoint.com/jekyll-rails/

=======================================================================================
Modern Ruby tools
https://www.sitepoint.com/tools-for-a-modern-ruby-development-setup/?utm_source=sitepoint&utm_medium=relatedsidebar&utm_term=ruby
=======================================================================================


=======================================================================================


=======================================================================================


=======================================================================================

=======================================================================================


=======================================================================================

=======================================================================================

=======================================================================================

=======================================================================================
=======================================================================================

=======================================================================================

=======================================================================================

=======================================================================================

=======================================================================================

=======================================================================================

=======================================================================================

=======================================================================================

=======================================================================================

=======================================================================================

=======================================================================================


=======================================================================================


=======================================================================================


=======================================================================================

=======================================================================================


=======================================================================================

=======================================================================================

=======================================================================================

=======================================================================================

=======================================================================================

=======================================================================================

=======================================================================================

=======================================================================================

=======================================================================================

=======================================================================================

=======================================================================================

=======================================================================================

=======================================================================================

=======================================================================================

=======================================================================================

=======================================================================================

=======================================================================================


=======================================================================================


=======================================================================================


=======================================================================================

=======================================================================================


=======================================================================================

=======================================================================================

=======================================================================================

=======================================================================================
=======================================================================================

=======================================================================================

=======================================================================================

=======================================================================================

=======================================================================================

=======================================================================================

=======================================================================================

=======================================================================================

=======================================================================================

=======================================================================================

=======================================================================================


=======================================================================================


=======================================================================================


=======================================================================================

=======================================================================================


=======================================================================================

=======================================================================================

=======================================================================================

=======================================================================================

=======================================================================================

=======================================================================================

=======================================================================================

=======================================================================================

=======================================================================================

=======================================================================================

=======================================================================================

=======================================================================================

=======================================================================================

=======================================================================================

=======================================================================================

=======================================================================================

=======================================================================================


=======================================================================================


=======================================================================================


=======================================================================================

=======================================================================================


=======================================================================================

=======================================================================================

=======================================================================================

=======================================================================================
=======================================================================================

=======================================================================================

=======================================================================================

=======================================================================================

=======================================================================================

=======================================================================================

=======================================================================================

=======================================================================================

=======================================================================================

=======================================================================================

=======================================================================================


=======================================================================================


=======================================================================================


=======================================================================================

=======================================================================================


=======================================================================================

=======================================================================================

=======================================================================================

=======================================================================================

=======================================================================================

=======================================================================================

=======================================================================================

=======================================================================================

=======================================================================================

=======================================================================================

=======================================================================================

=======================================================================================

=======================================================================================

=======================================================================================

=======================================================================================

=======================================================================================

=======================================================================================


=======================================================================================


=======================================================================================


=======================================================================================

=======================================================================================


=======================================================================================

=======================================================================================

=======================================================================================

=======================================================================================
=======================================================================================

=======================================================================================

=======================================================================================

=======================================================================================

=======================================================================================

=======================================================================================

=======================================================================================

=======================================================================================

=======================================================================================

=======================================================================================

=======================================================================================


=======================================================================================


=======================================================================================


=======================================================================================

=======================================================================================


=======================================================================================

=======================================================================================

=======================================================================================

=======================================================================================

=======================================================================================

=======================================================================================

=======================================================================================

=======================================================================================

=======================================================================================

=======================================================================================

=======================================================================================

=======================================================================================

=======================================================================================

=======================================================================================

=======================================================================================

=======================================================================================

=======================================================================================


=======================================================================================


=======================================================================================


=======================================================================================

=======================================================================================


=======================================================================================

=======================================================================================

=======================================================================================

=======================================================================================
=======================================================================================

=======================================================================================

=======================================================================================

=======================================================================================

=======================================================================================

=======================================================================================

=======================================================================================

=======================================================================================

=======================================================================================

=======================================================================================

=======================================================================================


=======================================================================================


=======================================================================================


=======================================================================================

=======================================================================================


=======================================================================================

=======================================================================================

=======================================================================================

=======================================================================================

=======================================================================================

=======================================================================================

=======================================================================================

=======================================================================================

=======================================================================================

=======================================================================================

=======================================================================================

=======================================================================================

=======================================================================================

=======================================================================================

=======================================================================================

=======================================================================================

=======================================================================================


=======================================================================================


=======================================================================================


=======================================================================================

=======================================================================================


=======================================================================================

=======================================================================================

=======================================================================================

=======================================================================================
=======================================================================================

=======================================================================================

=======================================================================================

=======================================================================================

=======================================================================================

=======================================================================================

=======================================================================================

=======================================================================================

=======================================================================================

=======================================================================================

=======================================================================================


=======================================================================================


=======================================================================================


=======================================================================================

=======================================================================================


=======================================================================================

=======================================================================================

=======================================================================================

=======================================================================================

=======================================================================================

=======================================================================================

=======================================================================================

=======================================================================================

=======================================================================================

=======================================================================================

=======================================================================================

=======================================================================================

=======================================================================================

=======================================================================================

=======================================================================================

=======================================================================================

=======================================================================================


=======================================================================================


=======================================================================================


=======================================================================================

=======================================================================================


=======================================================================================

=======================================================================================

=======================================================================================

=======================================================================================
=======================================================================================

=======================================================================================

=======================================================================================

=======================================================================================

=======================================================================================

=======================================================================================

=======================================================================================

=======================================================================================

=======================================================================================

=======================================================================================

=======================================================================================


=======================================================================================


=======================================================================================


=======================================================================================

=======================================================================================


=======================================================================================

=======================================================================================

=======================================================================================

=======================================================================================

=======================================================================================

=======================================================================================

=======================================================================================

=======================================================================================

=======================================================================================

=======================================================================================

=======================================================================================

=======================================================================================

=======================================================================================

=======================================================================================

=======================================================================================

=======================================================================================

=======================================================================================


=======================================================================================


=======================================================================================


=======================================================================================

=======================================================================================


=======================================================================================

=======================================================================================

=======================================================================================

=======================================================================================
=======================================================================================

=======================================================================================

=======================================================================================

=======================================================================================

=======================================================================================

=======================================================================================

=======================================================================================

=======================================================================================

=======================================================================================

=======================================================================================

=======================================================================================


=======================================================================================


=======================================================================================


=======================================================================================

=======================================================================================


=======================================================================================

=======================================================================================

=======================================================================================

=======================================================================================

=======================================================================================

=======================================================================================

=======================================================================================

=======================================================================================

=======================================================================================

=======================================================================================

=======================================================================================

=======================================================================================

=======================================================================================

=======================================================================================

=======================================================================================

=======================================================================================

=======================================================================================


=======================================================================================


=======================================================================================


=======================================================================================

=======================================================================================


=======================================================================================

=======================================================================================

=======================================================================================

=======================================================================================
=======================================================================================

=======================================================================================

=======================================================================================

=======================================================================================

=======================================================================================

=======================================================================================

=======================================================================================

=======================================================================================

=======================================================================================

=======================================================================================

=======================================================================================


=======================================================================================


=======================================================================================


=======================================================================================

=======================================================================================


=======================================================================================

=======================================================================================

=======================================================================================

=======================================================================================

=======================================================================================

=======================================================================================

=======================================================================================

=======================================================================================

=======================================================================================

=======================================================================================

=======================================================================================

=======================================================================================

=======================================================================================

=======================================================================================

=======================================================================================

=======================================================================================

=======================================================================================


=======================================================================================


=======================================================================================


=======================================================================================

=======================================================================================


=======================================================================================

=======================================================================================

=======================================================================================

=======================================================================================
=======================================================================================

=======================================================================================

=======================================================================================

=======================================================================================

=======================================================================================

=======================================================================================

=======================================================================================

=======================================================================================

=======================================================================================

=======================================================================================

=======================================================================================


=======================================================================================


=======================================================================================


=======================================================================================

=======================================================================================


=======================================================================================

=======================================================================================

=======================================================================================

=======================================================================================

=======================================================================================

=======================================================================================

=======================================================================================

=======================================================================================

=======================================================================================

=======================================================================================

=======================================================================================

=======================================================================================

=======================================================================================

=======================================================================================

=======================================================================================

=======================================================================================

=======================================================================================


=======================================================================================


=======================================================================================


=======================================================================================

=======================================================================================


=======================================================================================

=======================================================================================

=======================================================================================

=======================================================================================
=======================================================================================

=======================================================================================

=======================================================================================

=======================================================================================

=======================================================================================

=======================================================================================

=======================================================================================

=======================================================================================

=======================================================================================

=======================================================================================

=======================================================================================


=======================================================================================


=======================================================================================


=======================================================================================

=======================================================================================


=======================================================================================

=======================================================================================

=======================================================================================

=======================================================================================

=======================================================================================

=======================================================================================

=======================================================================================

=======================================================================================

=======================================================================================

=======================================================================================

=======================================================================================

=======================================================================================

=======================================================================================

=======================================================================================

=======================================================================================

=======================================================================================

=======================================================================================


=======================================================================================


=======================================================================================


=======================================================================================

=======================================================================================


=======================================================================================

=======================================================================================

=======================================================================================

=======================================================================================
=======================================================================================

=======================================================================================

=======================================================================================

=======================================================================================

=======================================================================================

=======================================================================================

=======================================================================================

=======================================================================================

=======================================================================================

=======================================================================================

=======================================================================================


=======================================================================================


=======================================================================================


=======================================================================================

=======================================================================================


=======================================================================================

=======================================================================================

=======================================================================================

=======================================================================================

=======================================================================================

=======================================================================================

=======================================================================================

=======================================================================================

=======================================================================================

=======================================================================================

=======================================================================================

=======================================================================================

=======================================================================================

=======================================================================================

=======================================================================================

=======================================================================================

=======================================================================================


=======================================================================================


=======================================================================================


=======================================================================================

=======================================================================================


=======================================================================================

=======================================================================================

=======================================================================================

=======================================================================================
=======================================================================================

=======================================================================================

=======================================================================================

=======================================================================================

=======================================================================================

=======================================================================================

=======================================================================================

=======================================================================================

=======================================================================================

=======================================================================================

=======================================================================================


=======================================================================================


=======================================================================================


=======================================================================================

=======================================================================================


=======================================================================================

=======================================================================================

=======================================================================================

=======================================================================================

=======================================================================================

=======================================================================================

=======================================================================================

=======================================================================================

=======================================================================================

=======================================================================================

=======================================================================================

=======================================================================================

=======================================================================================

=======================================================================================

=======================================================================================

=======================================================================================

=======================================================================================


=======================================================================================


=======================================================================================


=======================================================================================

=======================================================================================


=======================================================================================

=======================================================================================

=======================================================================================

=======================================================================================
=======================================================================================

=======================================================================================

=======================================================================================

=======================================================================================

=======================================================================================

=======================================================================================

=======================================================================================

=======================================================================================

=======================================================================================

=======================================================================================

=======================================================================================


=======================================================================================


=======================================================================================


=======================================================================================

=======================================================================================


=======================================================================================

=======================================================================================

=======================================================================================

=======================================================================================

=======================================================================================

=======================================================================================

=======================================================================================

=======================================================================================

=======================================================================================

=======================================================================================

=======================================================================================

=======================================================================================

=======================================================================================

=======================================================================================

=======================================================================================

=======================================================================================

=======================================================================================


=======================================================================================


=======================================================================================


=======================================================================================

=======================================================================================


=======================================================================================

=======================================================================================

=======================================================================================

=======================================================================================
=======================================================================================

=======================================================================================

=======================================================================================

=======================================================================================

=======================================================================================

=======================================================================================

=======================================================================================

=======================================================================================

=======================================================================================

=======================================================================================

=======================================================================================


=======================================================================================


=======================================================================================


=======================================================================================

=======================================================================================


=======================================================================================

=======================================================================================

=======================================================================================

=======================================================================================

=======================================================================================

=======================================================================================

=======================================================================================

=======================================================================================

=======================================================================================

=======================================================================================

=======================================================================================

=======================================================================================

=======================================================================================

=======================================================================================

=======================================================================================

=======================================================================================

=======================================================================================


=======================================================================================


=======================================================================================


=======================================================================================

=======================================================================================


=======================================================================================

=======================================================================================

=======================================================================================

=======================================================================================
=======================================================================================

=======================================================================================

=======================================================================================

=======================================================================================

=======================================================================================

=======================================================================================

=======================================================================================

=======================================================================================

=======================================================================================

=======================================================================================

=======================================================================================


=======================================================================================


=======================================================================================


=======================================================================================

=======================================================================================


=======================================================================================

=======================================================================================

=======================================================================================

=======================================================================================

=======================================================================================

=======================================================================================

=======================================================================================

=======================================================================================

=======================================================================================

=======================================================================================

=======================================================================================

=======================================================================================

=======================================================================================

=======================================================================================

=======================================================================================

=======================================================================================

=======================================================================================


=======================================================================================


=======================================================================================


=======================================================================================

=======================================================================================


=======================================================================================

=======================================================================================

=======================================================================================

=======================================================================================
=======================================================================================

=======================================================================================

=======================================================================================

=======================================================================================

=======================================================================================

=======================================================================================

=======================================================================================

=======================================================================================

=======================================================================================

=======================================================================================

=======================================================================================


=======================================================================================


=======================================================================================


=======================================================================================

=======================================================================================


=======================================================================================

=======================================================================================

=======================================================================================

=======================================================================================

=======================================================================================

=======================================================================================

=======================================================================================

=======================================================================================

=======================================================================================

=======================================================================================

=======================================================================================

=======================================================================================

=======================================================================================

=======================================================================================

=======================================================================================

=======================================================================================

=======================================================================================


=======================================================================================


=======================================================================================


=======================================================================================

=======================================================================================


=======================================================================================

=======================================================================================

=======================================================================================

=======================================================================================
=======================================================================================

=======================================================================================

=======================================================================================

=======================================================================================

=======================================================================================

=======================================================================================

=======================================================================================

=======================================================================================

=======================================================================================

=======================================================================================

=======================================================================================


=======================================================================================


=======================================================================================


=======================================================================================

=======================================================================================


=======================================================================================

=======================================================================================

=======================================================================================

=======================================================================================

=======================================================================================

=======================================================================================

=======================================================================================

=======================================================================================

=======================================================================================

=======================================================================================

=======================================================================================

=======================================================================================

=======================================================================================

=======================================================================================

=======================================================================================

=======================================================================================

=======================================================================================


=======================================================================================


=======================================================================================


=======================================================================================

=======================================================================================


=======================================================================================

=======================================================================================

=======================================================================================

=======================================================================================
=======================================================================================

=======================================================================================

=======================================================================================

=======================================================================================

=======================================================================================

=======================================================================================

=======================================================================================

=======================================================================================

=======================================================================================

=======================================================================================

=======================================================================================


=======================================================================================


=======================================================================================


=======================================================================================

=======================================================================================


=======================================================================================

=======================================================================================

=======================================================================================

=======================================================================================

=======================================================================================

=======================================================================================

=======================================================================================

=======================================================================================

=======================================================================================

=======================================================================================

=======================================================================================

=======================================================================================

=======================================================================================

=======================================================================================

=======================================================================================

=======================================================================================

=======================================================================================


=======================================================================================


=======================================================================================


=======================================================================================

=======================================================================================


=======================================================================================

=======================================================================================

=======================================================================================

=======================================================================================
=======================================================================================

=======================================================================================

=======================================================================================

=======================================================================================

=======================================================================================

=======================================================================================

=======================================================================================

=======================================================================================

=======================================================================================

=======================================================================================

=======================================================================================


=======================================================================================


=======================================================================================


=======================================================================================

=======================================================================================


=======================================================================================

=======================================================================================

=======================================================================================

=======================================================================================

=======================================================================================

=======================================================================================

=======================================================================================

=======================================================================================

=======================================================================================

=======================================================================================

=======================================================================================

=======================================================================================

=======================================================================================

=======================================================================================

=======================================================================================

=======================================================================================

=======================================================================================


=======================================================================================


=======================================================================================


=======================================================================================

=======================================================================================


=======================================================================================

=======================================================================================

=======================================================================================

=======================================================================================
=======================================================================================

=======================================================================================

=======================================================================================

=======================================================================================

=======================================================================================

=======================================================================================

=======================================================================================

=======================================================================================

=======================================================================================

=======================================================================================

=======================================================================================


=======================================================================================


=======================================================================================


=======================================================================================

=======================================================================================


=======================================================================================

=======================================================================================

=======================================================================================

=======================================================================================

=======================================================================================

=======================================================================================

=======================================================================================

=======================================================================================

=======================================================================================

=======================================================================================

=======================================================================================

=======================================================================================

=======================================================================================

=======================================================================================

=======================================================================================

=======================================================================================

=======================================================================================


=======================================================================================


=======================================================================================


=======================================================================================

=======================================================================================


=======================================================================================

=======================================================================================

=======================================================================================

=======================================================================================
=======================================================================================

=======================================================================================

=======================================================================================

=======================================================================================

=======================================================================================

=======================================================================================

=======================================================================================

=======================================================================================

=======================================================================================

=======================================================================================

=======================================================================================


=======================================================================================


=======================================================================================


=======================================================================================

=======================================================================================


=======================================================================================

=======================================================================================

=======================================================================================

=======================================================================================

=======================================================================================

=======================================================================================

=======================================================================================

=======================================================================================

=======================================================================================

=======================================================================================

=======================================================================================

=======================================================================================

=======================================================================================

=======================================================================================

=======================================================================================

=======================================================================================

=======================================================================================


=======================================================================================


=======================================================================================


=======================================================================================

=======================================================================================


=======================================================================================

=======================================================================================

=======================================================================================

=======================================================================================
=======================================================================================

=======================================================================================

=======================================================================================

=======================================================================================

=======================================================================================

=======================================================================================

=======================================================================================

=======================================================================================

=======================================================================================

=======================================================================================

=======================================================================================


=======================================================================================


=======================================================================================


=======================================================================================

=======================================================================================


=======================================================================================

=======================================================================================

=======================================================================================

=======================================================================================

=======================================================================================

=======================================================================================

=======================================================================================

=======================================================================================

=======================================================================================

=======================================================================================

=======================================================================================

=======================================================================================

=======================================================================================

=======================================================================================

=======================================================================================

=======================================================================================

=======================================================================================


=======================================================================================


=======================================================================================


=======================================================================================

=======================================================================================


=======================================================================================

=======================================================================================

=======================================================================================

=======================================================================================
=======================================================================================

=======================================================================================

=======================================================================================

=======================================================================================

=======================================================================================

=======================================================================================

=======================================================================================

=======================================================================================

=======================================================================================

=======================================================================================

=======================================================================================


=======================================================================================


=======================================================================================


=======================================================================================

=======================================================================================


=======================================================================================

=======================================================================================

=======================================================================================

=======================================================================================

=======================================================================================

=======================================================================================

=======================================================================================

=======================================================================================

=======================================================================================

=======================================================================================

=======================================================================================

=======================================================================================

=======================================================================================

=======================================================================================

=======================================================================================

=======================================================================================

=======================================================================================


=======================================================================================


=======================================================================================


=======================================================================================

=======================================================================================


=======================================================================================

=======================================================================================

=======================================================================================

=======================================================================================
=======================================================================================

=======================================================================================

=======================================================================================

=======================================================================================

=======================================================================================

=======================================================================================

=======================================================================================

=======================================================================================

=======================================================================================

=======================================================================================

=======================================================================================


=======================================================================================


=======================================================================================


=======================================================================================

=======================================================================================


=======================================================================================

=======================================================================================

=======================================================================================

=======================================================================================

=======================================================================================

=======================================================================================

=======================================================================================

=======================================================================================

=======================================================================================

=======================================================================================

=======================================================================================

=======================================================================================

=======================================================================================

=======================================================================================

=======================================================================================

=======================================================================================

=======================================================================================


=======================================================================================


=======================================================================================


=======================================================================================

=======================================================================================


=======================================================================================

=======================================================================================

=======================================================================================

=======================================================================================
